// Jest Snapshot v1, https://goo.gl/fbAQLP

exports[`component: IndividualBTCChart matches snapshot 1`] = `
<div
  className="MuiBox-root css-g1za54-IndividualBTCChart"
>
  <div
    className="MuiBox-root css-1bxp50g-IndividualBTCChart"
  >
    <div
      className="MuiBox-root css-1cj9h77-IndividualBTCChart"
    >
      <div
        className="MuiBox-root css-5dj179-IndividualBTCChart"
      >
        <h1
          className="MuiTypography-root MuiTypography-h1 css-1yswwri-MuiTypography-root-IndividualBTCChart"
        >
          BTC/USD
        </h1>
        <h3
          className="MuiTypography-root MuiTypography-h3 css-bfisej-MuiTypography-root-IndividualBTCChart"
        >
          *Tap to see each data point on the chart
        </h3>
      </div>
      <div
        id="TimePeriodButton"
        period={90}
        setPeriod={[Function]}
      />
    </div>
    <div
      candleChartData={[]}
      id="CandleStickChart"
      period={90}
    />
  </div>
</div>
`;
